// Vitest Snapshot v1, https://vitest.dev/guide/snapshot.html

exports[`LedgerAccountStatementRoutes > preserves the existing OpenAPI operations and response sets 1`] = `
{
  "get": {
    "description": "Get Ledger Account Statement",
    "operationId": "getLedgerAccountStatement",
    "parameters": [
      {
        "description": "The ledger account statement ID",
        "in": "path",
        "name": "statementId",
        "required": true,
        "schema": {
          "pattern": "^lst_[0-7][0-9a-hjkmnp-tv-z]{25}$",
          "type": "string",
        },
      },
    ],
    "responses": {
      "200": {
        "content": {
          "application/json": {
            "schema": {
              "description": "A ledger account statement is an object that provides the starting and ending balances for a specific time period. Once created, it can be used to retrieve the ledger entries and ledger transaction versions that correspond to that time period and lock version of the ledger account.",
              "properties": {
                "accountId": {
                  "description": "The ledger account's ID",
                  "pattern": "^lat_[0-7][0-9a-hjkmnp-tv-z]{25}$",
                  "type": "string",
                },
                "assetCode": {
                  "maxLength": 64,
                  "minLength": 1,
                  "pattern": "^[A-Za-z0-9._:-]+$",
                  "type": "string",
                },
                "assetId": {
                  "pattern": "^ast_[0-7][0-9a-hjkmnp-tv-z]{25}$",
                  "type": "string",
                },
                "created": {
                  "description": "Timestamp of when the ledger account category was created.",
                  "type": "string",
                },
                "description": {
                  "description": "An optional free-form description for internal use.",
                  "type": "string",
                },
                "endDatetime": {
                  "description": "The exclusive upper bound of the ledger entries to be included in the ledger account statement.",
                  "type": "string",
                },
                "id": {
                  "description": "The ledger account statement ID",
                  "pattern": "^lst_[0-7][0-9a-hjkmnp-tv-z]{25}$",
                  "type": "string",
                },
                "ledgerAccountVersion": {
                  "description": "Version of the ledger account at the time of statement generation.",
                  "type": "number",
                },
                "ledgerId": {
                  "description": "The ledger's ID",
                  "pattern": "^lgr_[0-7][0-9a-hjkmnp-tv-z]{25}$",
                  "type": "string",
                },
                "metadata": {
                  "additionalProperties": {
                    "type": "string",
                  },
                  "description": "Additional data represented as key-value pairs. Both the key and value must be strings.",
                  "type": "object",
                },
                "minorUnitExponent": {
                  "maximum": 18,
                  "minimum": 0,
                  "type": "integer",
                },
                "normalBalance": {
                  "anyOf": [
                    {
                      "enum": [
                        "debit",
                      ],
                      "type": "string",
                    },
                    {
                      "enum": [
                        "credit",
                      ],
                      "type": "string",
                    },
                  ],
                },
                "startDatetime": {
                  "description": "The inclusive lower bound of the ledger entries to be included in the ledger account statement.",
                  "type": "string",
                },
                "updated": {
                  "description": "Timestamp of when the ledger account category was last updated.",
                  "type": "string",
                },
              },
              "required": [
                "id",
                "ledgerId",
                "accountId",
                "startDatetime",
                "endDatetime",
                "ledgerAccountVersion",
                "normalBalance",
                "assetId",
                "assetCode",
                "minorUnitExponent",
                "created",
                "updated",
              ],
              "type": "object",
            },
          },
        },
        "description": "A ledger account statement is an object that provides the starting and ending balances for a specific time period. Once created, it can be used to retrieve the ledger entries and ledger transaction versions that correspond to that time period and lock version of the ledger account.",
      },
      "400": {
        "content": {
          "application/json": {
            "schema": {
              "properties": {
                "detail": {
                  "type": "string",
                },
                "instance": {
                  "type": "string",
                },
                "retryable": {
                  "type": "boolean",
                },
                "status": {
                  "enum": [
                    400,
                  ],
                  "type": "number",
                },
                "title": {
                  "type": "string",
                },
                "traceId": {
                  "type": "string",
                },
                "type": {
                  "enum": [
                    "BAD_REQUEST",
                  ],
                  "type": "string",
                },
              },
              "required": [
                "type",
                "status",
                "title",
                "detail",
                "instance",
                "traceId",
              ],
              "type": "object",
            },
          },
        },
        "description": "Default Response",
      },
      "401": {
        "content": {
          "application/json": {
            "schema": {
              "properties": {
                "detail": {
                  "type": "string",
                },
                "instance": {
                  "type": "string",
                },
                "retryable": {
                  "type": "boolean",
                },
                "status": {
                  "enum": [
                    401,
                  ],
                  "type": "number",
                },
                "title": {
                  "type": "string",
                },
                "traceId": {
                  "type": "string",
                },
                "type": {
                  "enum": [
                    "UNAUTHORIZED",
                  ],
                  "type": "string",
                },
              },
              "required": [
                "type",
                "status",
                "title",
                "detail",
                "instance",
                "traceId",
              ],
              "type": "object",
            },
          },
        },
        "description": "Default Response",
      },
      "403": {
        "content": {
          "application/json": {
            "schema": {
              "properties": {
                "detail": {
                  "type": "string",
                },
                "instance": {
                  "type": "string",
                },
                "retryable": {
                  "type": "boolean",
                },
                "status": {
                  "enum": [
                    403,
                  ],
                  "type": "number",
                },
                "title": {
                  "type": "string",
                },
                "traceId": {
                  "type": "string",
                },
                "type": {
                  "enum": [
                    "FORBIDDEN",
                  ],
                  "type": "string",
                },
              },
              "required": [
                "type",
                "status",
                "title",
                "detail",
                "instance",
                "traceId",
              ],
              "type": "object",
            },
          },
        },
        "description": "Default Response",
      },
      "404": {
        "content": {
          "application/json": {
            "schema": {
              "properties": {
                "detail": {
                  "type": "string",
                },
                "instance": {
                  "type": "string",
                },
                "retryable": {
                  "type": "boolean",
                },
                "status": {
                  "enum": [
                    404,
                  ],
                  "type": "number",
                },
                "title": {
                  "type": "string",
                },
                "traceId": {
                  "type": "string",
                },
                "type": {
                  "enum": [
                    "NOT_FOUND",
                  ],
                  "type": "string",
                },
              },
              "required": [
                "type",
                "status",
                "title",
                "detail",
                "instance",
                "traceId",
              ],
              "type": "object",
            },
          },
        },
        "description": "Default Response",
      },
      "429": {
        "content": {
          "application/json": {
            "schema": {
              "properties": {
                "detail": {
                  "type": "string",
                },
                "instance": {
                  "type": "string",
                },
                "retryable": {
                  "type": "boolean",
                },
                "status": {
                  "enum": [
                    429,
                  ],
                  "type": "number",
                },
                "title": {
                  "type": "string",
                },
                "traceId": {
                  "type": "string",
                },
                "type": {
                  "enum": [
                    "TOO_MANY_REQUESTS",
                  ],
                  "type": "string",
                },
              },
              "required": [
                "type",
                "status",
                "title",
                "detail",
                "instance",
                "traceId",
              ],
              "type": "object",
            },
          },
        },
        "description": "Default Response",
      },
      "500": {
        "content": {
          "application/json": {
            "schema": {
              "properties": {
                "detail": {
                  "type": "string",
                },
                "instance": {
                  "type": "string",
                },
                "retryable": {
                  "type": "boolean",
                },
                "status": {
                  "enum": [
                    500,
                  ],
                  "type": "number",
                },
                "title": {
                  "type": "string",
                },
                "traceId": {
                  "type": "string",
                },
                "type": {
                  "enum": [
                    "INTERNAL_SERVER_ERROR",
                  ],
                  "type": "string",
                },
              },
              "required": [
                "type",
                "status",
                "title",
                "detail",
                "instance",
                "traceId",
              ],
              "type": "object",
            },
          },
        },
        "description": "Default Response",
      },
      "503": {
        "content": {
          "application/json": {
            "schema": {
              "properties": {
                "detail": {
                  "type": "string",
                },
                "instance": {
                  "type": "string",
                },
                "retryable": {
                  "type": "boolean",
                },
                "status": {
                  "enum": [
                    503,
                  ],
                  "type": "number",
                },
                "title": {
                  "type": "string",
                },
                "traceId": {
                  "type": "string",
                },
                "type": {
                  "enum": [
                    "SERVICE_UNAVAILABLE",
                  ],
                  "type": "string",
                },
              },
              "required": [
                "type",
                "status",
                "title",
                "detail",
                "instance",
                "traceId",
              ],
              "type": "object",
            },
          },
        },
        "description": "Default Response",
      },
    },
    "summary": "Get Ledger Account Statement",
    "tags": [
      "Ledger Account Statements",
    ],
  },
  "post": {
    "description": "Create Ledger Account Statement",
    "operationId": "createLedgerAccountStatement",
    "parameters": [
      {
        "in": "path",
        "name": "ledgerId",
        "required": true,
        "schema": {
          "type": "string",
        },
      },
      {
        "in": "path",
        "name": "accountId",
        "required": true,
        "schema": {
          "type": "string",
        },
      },
    ],
    "requestBody": {
      "content": {
        "application/json": {
          "schema": {
            "properties": {
              "accountId": {
                "description": "The ledger account's ID",
                "pattern": "^lat_[0-7][0-9a-hjkmnp-tv-z]{25}$",
                "type": "string",
              },
              "description": {
                "description": "An optional free-form description for internal use.",
                "type": "string",
              },
              "endDatetime": {
                "description": "The exclusive upper bound of the ledger entries to be included in the ledger account statement.",
                "type": "string",
              },
              "ledgerId": {
                "description": "The ledger's ID",
                "pattern": "^lgr_[0-7][0-9a-hjkmnp-tv-z]{25}$",
                "type": "string",
              },
              "startDatetime": {
                "description": "The inclusive lower bound of the ledger entries to be included in the ledger account statement.",
                "type": "string",
              },
            },
            "required": [
              "ledgerId",
              "accountId",
              "startDatetime",
              "endDatetime",
            ],
            "type": "object",
          },
        },
      },
      "required": true,
    },
    "responses": {
      "200": {
        "content": {
          "application/json": {
            "schema": {
              "description": "A ledger account statement is an object that provides the starting and ending balances for a specific time period. Once created, it can be used to retrieve the ledger entries and ledger transaction versions that correspond to that time period and lock version of the ledger account.",
              "properties": {
                "accountId": {
                  "description": "The ledger account's ID",
                  "pattern": "^lat_[0-7][0-9a-hjkmnp-tv-z]{25}$",
                  "type": "string",
                },
                "assetCode": {
                  "maxLength": 64,
                  "minLength": 1,
                  "pattern": "^[A-Za-z0-9._:-]+$",
                  "type": "string",
                },
                "assetId": {
                  "pattern": "^ast_[0-7][0-9a-hjkmnp-tv-z]{25}$",
                  "type": "string",
                },
                "created": {
                  "description": "Timestamp of when the ledger account category was created.",
                  "type": "string",
                },
                "description": {
                  "description": "An optional free-form description for internal use.",
                  "type": "string",
                },
                "endDatetime": {
                  "description": "The exclusive upper bound of the ledger entries to be included in the ledger account statement.",
                  "type": "string",
                },
                "id": {
                  "description": "The ledger account statement ID",
                  "pattern": "^lst_[0-7][0-9a-hjkmnp-tv-z]{25}$",
                  "type": "string",
                },
                "ledgerAccountVersion": {
                  "description": "Version of the ledger account at the time of statement generation.",
                  "type": "number",
                },
                "ledgerId": {
                  "description": "The ledger's ID",
                  "pattern": "^lgr_[0-7][0-9a-hjkmnp-tv-z]{25}$",
                  "type": "string",
                },
                "metadata": {
                  "additionalProperties": {
                    "type": "string",
                  },
                  "description": "Additional data represented as key-value pairs. Both the key and value must be strings.",
                  "type": "object",
                },
                "minorUnitExponent": {
                  "maximum": 18,
                  "minimum": 0,
                  "type": "integer",
                },
                "normalBalance": {
                  "anyOf": [
                    {
                      "enum": [
                        "debit",
                      ],
                      "type": "string",
                    },
                    {
                      "enum": [
                        "credit",
                      ],
                      "type": "string",
                    },
                  ],
                },
                "startDatetime": {
                  "description": "The inclusive lower bound of the ledger entries to be included in the ledger account statement.",
                  "type": "string",
                },
                "updated": {
                  "description": "Timestamp of when the ledger account category was last updated.",
                  "type": "string",
                },
              },
              "required": [
                "id",
                "ledgerId",
                "accountId",
                "startDatetime",
                "endDatetime",
                "ledgerAccountVersion",
                "normalBalance",
                "assetId",
                "assetCode",
                "minorUnitExponent",
                "created",
                "updated",
              ],
              "type": "object",
            },
          },
        },
        "description": "A ledger account statement is an object that provides the starting and ending balances for a specific time period. Once created, it can be used to retrieve the ledger entries and ledger transaction versions that correspond to that time period and lock version of the ledger account.",
      },
      "400": {
        "content": {
          "application/json": {
            "schema": {
              "properties": {
                "detail": {
                  "type": "string",
                },
                "instance": {
                  "type": "string",
                },
                "retryable": {
                  "type": "boolean",
                },
                "status": {
                  "enum": [
                    400,
                  ],
                  "type": "number",
                },
                "title": {
                  "type": "string",
                },
                "traceId": {
                  "type": "string",
                },
                "type": {
                  "enum": [
                    "BAD_REQUEST",
                  ],
                  "type": "string",
                },
              },
              "required": [
                "type",
                "status",
                "title",
                "detail",
                "instance",
                "traceId",
              ],
              "type": "object",
            },
          },
        },
        "description": "Default Response",
      },
      "401": {
        "content": {
          "application/json": {
            "schema": {
              "properties": {
                "detail": {
                  "type": "string",
                },
                "instance": {
                  "type": "string",
                },
                "retryable": {
                  "type": "boolean",
                },
                "status": {
                  "enum": [
                    401,
                  ],
                  "type": "number",
                },
                "title": {
                  "type": "string",
                },
                "traceId": {
                  "type": "string",
                },
                "type": {
                  "enum": [
                    "UNAUTHORIZED",
                  ],
                  "type": "string",
                },
              },
              "required": [
                "type",
                "status",
                "title",
                "detail",
                "instance",
                "traceId",
              ],
              "type": "object",
            },
          },
        },
        "description": "Default Response",
      },
      "403": {
        "content": {
          "application/json": {
            "schema": {
              "properties": {
                "detail": {
                  "type": "string",
                },
                "instance": {
                  "type": "string",
                },
                "retryable": {
                  "type": "boolean",
                },
                "status": {
                  "enum": [
                    403,
                  ],
                  "type": "number",
                },
                "title": {
                  "type": "string",
                },
                "traceId": {
                  "type": "string",
                },
                "type": {
                  "enum": [
                    "FORBIDDEN",
                  ],
                  "type": "string",
                },
              },
              "required": [
                "type",
                "status",
                "title",
                "detail",
                "instance",
                "traceId",
              ],
              "type": "object",
            },
          },
        },
        "description": "Default Response",
      },
      "404": {
        "content": {
          "application/json": {
            "schema": {
              "properties": {
                "detail": {
                  "type": "string",
                },
                "instance": {
                  "type": "string",
                },
                "retryable": {
                  "type": "boolean",
                },
                "status": {
                  "enum": [
                    404,
                  ],
                  "type": "number",
                },
                "title": {
                  "type": "string",
                },
                "traceId": {
                  "type": "string",
                },
                "type": {
                  "enum": [
                    "NOT_FOUND",
                  ],
                  "type": "string",
                },
              },
              "required": [
                "type",
                "status",
                "title",
                "detail",
                "instance",
                "traceId",
              ],
              "type": "object",
            },
          },
        },
        "description": "Default Response",
      },
      "409": {
        "content": {
          "application/json": {
            "schema": {
              "properties": {
                "detail": {
                  "type": "string",
                },
                "instance": {
                  "type": "string",
                },
                "retryable": {
                  "type": "boolean",
                },
                "status": {
                  "enum": [
                    409,
                  ],
                  "type": "number",
                },
                "title": {
                  "type": "string",
                },
                "traceId": {
                  "type": "string",
                },
                "type": {
                  "enum": [
                    "CONFLICT",
                  ],
                  "type": "string",
                },
              },
              "required": [
                "type",
                "status",
                "title",
                "detail",
                "instance",
                "traceId",
              ],
              "type": "object",
            },
          },
        },
        "description": "Default Response",
      },
      "429": {
        "content": {
          "application/json": {
            "schema": {
              "properties": {
                "detail": {
                  "type": "string",
                },
                "instance": {
                  "type": "string",
                },
                "retryable": {
                  "type": "boolean",
                },
                "status": {
                  "enum": [
                    429,
                  ],
                  "type": "number",
                },
                "title": {
                  "type": "string",
                },
                "traceId": {
                  "type": "string",
                },
                "type": {
                  "enum": [
                    "TOO_MANY_REQUESTS",
                  ],
                  "type": "string",
                },
              },
              "required": [
                "type",
                "status",
                "title",
                "detail",
                "instance",
                "traceId",
              ],
              "type": "object",
            },
          },
        },
        "description": "Default Response",
      },
      "500": {
        "content": {
          "application/json": {
            "schema": {
              "properties": {
                "detail": {
                  "type": "string",
                },
                "instance": {
                  "type": "string",
                },
                "retryable": {
                  "type": "boolean",
                },
                "status": {
                  "enum": [
                    500,
                  ],
                  "type": "number",
                },
                "title": {
                  "type": "string",
                },
                "traceId": {
                  "type": "string",
                },
                "type": {
                  "enum": [
                    "INTERNAL_SERVER_ERROR",
                  ],
                  "type": "string",
                },
              },
              "required": [
                "type",
                "status",
                "title",
                "detail",
                "instance",
                "traceId",
              ],
              "type": "object",
            },
          },
        },
        "description": "Default Response",
      },
      "503": {
        "content": {
          "application/json": {
            "schema": {
              "properties": {
                "detail": {
                  "type": "string",
                },
                "instance": {
                  "type": "string",
                },
                "retryable": {
                  "type": "boolean",
                },
                "status": {
                  "enum": [
                    503,
                  ],
                  "type": "number",
                },
                "title": {
                  "type": "string",
                },
                "traceId": {
                  "type": "string",
                },
                "type": {
                  "enum": [
                    "SERVICE_UNAVAILABLE",
                  ],
                  "type": "string",
                },
              },
              "required": [
                "type",
                "status",
                "title",
                "detail",
                "instance",
                "traceId",
              ],
              "type": "object",
            },
          },
        },
        "description": "Default Response",
      },
    },
    "summary": "Create Ledger Account Statement",
    "tags": [
      "Ledger Account Statements",
    ],
  },
}
`;
