// Vitest Snapshot v1, https://vitest.dev/guide/snapshot.html

exports[`LedgerAccountBalanceMonitorRoutes > creates with the existing 200 response 1`] = `
{
  "accountId": "lat_01h2x3y4z5a6b7c8d9e0f1g2h6",
  "alertCondition": {
    "conditions": [
      {
        "balanceType": "posted",
        "operator": "<",
        "value": "100",
      },
    ],
    "mode": "all",
  },
  "created": "2025-01-01T00:00:00.000Z",
  "description": "Test balance monitor",
  "id": "lbm_01h2x3y4z5a6b7c8d9e0f1g2h5",
  "ledgerId": "lgr_01h2x3y4z5a6b7c8d9e0f1g2h4",
  "lockVersion": 1,
  "updated": "2025-01-01T00:00:00.000Z",
  "webhook": {
    "url": "https://example.com/hook",
  },
}
`;

exports[`LedgerAccountBalanceMonitorRoutes > lists through the Effect service with the existing defaults and response 1`] = `
[
  {
    "accountId": "lat_01h2x3y4z5a6b7c8d9e0f1g2h6",
    "alertCondition": {
      "conditions": [
        {
          "balanceType": "posted",
          "operator": "<",
          "value": "100",
        },
      ],
      "mode": "all",
    },
    "created": "2025-01-01T00:00:00.000Z",
    "description": "Test balance monitor",
    "id": "lbm_01h2x3y4z5a6b7c8d9e0f1g2h5",
    "ledgerId": "lgr_01h2x3y4z5a6b7c8d9e0f1g2h4",
    "lockVersion": 1,
    "updated": "2025-01-01T00:00:00.000Z",
    "webhook": {
      "url": "https://example.com/hook",
    },
  },
]
`;

exports[`LedgerAccountBalanceMonitorRoutes > preserves the complete OpenAPI contract 1`] = `
{
  "paths": {
    "/api/ledgers/{ledgerId}/accounts/{accountId}/balance-monitors/": {
      "get": {
        "description": "List Ledger Account Balance Monitors",
        "operationId": "listLedgerAccountBalanceMonitors",
        "parameters": [
          {
            "in": "query",
            "name": "offset",
            "required": true,
            "schema": {
              "default": 0,
              "type": "number",
            },
          },
          {
            "in": "query",
            "name": "limit",
            "required": true,
            "schema": {
              "default": 20,
              "type": "number",
            },
          },
          {
            "in": "path",
            "name": "ledgerId",
            "required": true,
            "schema": {
              "pattern": "^lgr_[0-7][0-9a-hjkmnp-tv-z]{25}$",
              "type": "string",
            },
          },
          {
            "in": "path",
            "name": "accountId",
            "required": true,
            "schema": {
              "pattern": "^lat_[0-7][0-9a-hjkmnp-tv-z]{25}$",
              "type": "string",
            },
          },
        ],
        "responses": {
          "200": {
            "content": {
              "application/json": {
                "schema": {
                  "items": {
                    "properties": {
                      "accountId": {
                        "pattern": "^lat_[0-7][0-9a-hjkmnp-tv-z]{25}$",
                        "type": "string",
                      },
                      "alertCondition": {
                        "additionalProperties": false,
                        "properties": {
                          "conditions": {
                            "items": {
                              "additionalProperties": false,
                              "properties": {
                                "balanceType": {
                                  "anyOf": [
                                    {
                                      "enum": [
                                        "posted",
                                      ],
                                      "type": "string",
                                    },
                                    {
                                      "enum": [
                                        "pending",
                                      ],
                                      "type": "string",
                                    },
                                    {
                                      "enum": [
                                        "availableBalance",
                                      ],
                                      "type": "string",
                                    },
                                  ],
                                },
                                "operator": {
                                  "anyOf": [
                                    {
                                      "enum": [
                                        "=",
                                      ],
                                      "type": "string",
                                    },
                                    {
                                      "enum": [
                                        "!=",
                                      ],
                                      "type": "string",
                                    },
                                    {
                                      "enum": [
                                        "<",
                                      ],
                                      "type": "string",
                                    },
                                    {
                                      "enum": [
                                        "<=",
                                      ],
                                      "type": "string",
                                    },
                                    {
                                      "enum": [
                                        ">",
                                      ],
                                      "type": "string",
                                    },
                                    {
                                      "enum": [
                                        ">=",
                                      ],
                                      "type": "string",
                                    },
                                  ],
                                },
                                "value": {
                                  "description": "Signed 64-bit integer minor units, encoded as a decimal string.",
                                  "maxLength": 20,
                                  "pattern": "^(0|-?[1-9][0-9]*)$",
                                  "type": "string",
                                },
                              },
                              "required": [
                                "balanceType",
                                "operator",
                                "value",
                              ],
                              "type": "object",
                            },
                            "minItems": 1,
                            "type": "array",
                          },
                          "mode": {
                            "anyOf": [
                              {
                                "enum": [
                                  "all",
                                ],
                                "type": "string",
                              },
                              {
                                "enum": [
                                  "any",
                                ],
                                "type": "string",
                              },
                            ],
                          },
                        },
                        "required": [
                          "mode",
                          "conditions",
                        ],
                        "type": "object",
                      },
                      "created": {
                        "format": "date-time",
                        "type": "string",
                      },
                      "description": {
                        "type": "string",
                      },
                      "id": {
                        "pattern": "^lbm_[0-7][0-9a-hjkmnp-tv-z]{25}$",
                        "type": "string",
                      },
                      "ledgerId": {
                        "pattern": "^lgr_[0-7][0-9a-hjkmnp-tv-z]{25}$",
                        "type": "string",
                      },
                      "lockVersion": {
                        "minimum": 1,
                        "type": "integer",
                      },
                      "metadata": {
                        "additionalProperties": {
                          "type": "string",
                        },
                        "description": "Additional data represented as key-value pairs. Both the key and value must be strings.",
                        "type": "object",
                      },
                      "updated": {
                        "format": "date-time",
                        "type": "string",
                      },
                      "webhook": {
                        "properties": {
                          "url": {
                            "type": "string",
                          },
                        },
                        "required": [
                          "url",
                        ],
                        "type": "object",
                      },
                    },
                    "required": [
                      "id",
                      "accountId",
                      "ledgerId",
                      "alertCondition",
                      "webhook",
                      "lockVersion",
                      "created",
                      "updated",
                    ],
                    "type": "object",
                  },
                  "type": "array",
                },
              },
            },
            "description": "Default Response",
          },
          "400": {
            "content": {
              "application/json": {
                "schema": {
                  "properties": {
                    "detail": {
                      "type": "string",
                    },
                    "instance": {
                      "type": "string",
                    },
                    "retryable": {
                      "type": "boolean",
                    },
                    "status": {
                      "enum": [
                        400,
                      ],
                      "type": "number",
                    },
                    "title": {
                      "type": "string",
                    },
                    "traceId": {
                      "type": "string",
                    },
                    "type": {
                      "enum": [
                        "BAD_REQUEST",
                      ],
                      "type": "string",
                    },
                  },
                  "required": [
                    "type",
                    "status",
                    "title",
                    "detail",
                    "instance",
                    "traceId",
                  ],
                  "type": "object",
                },
              },
            },
            "description": "Default Response",
          },
          "401": {
            "content": {
              "application/json": {
                "schema": {
                  "properties": {
                    "detail": {
                      "type": "string",
                    },
                    "instance": {
                      "type": "string",
                    },
                    "retryable": {
                      "type": "boolean",
                    },
                    "status": {
                      "enum": [
                        401,
                      ],
                      "type": "number",
                    },
                    "title": {
                      "type": "string",
                    },
                    "traceId": {
                      "type": "string",
                    },
                    "type": {
                      "enum": [
                        "UNAUTHORIZED",
                      ],
                      "type": "string",
                    },
                  },
                  "required": [
                    "type",
                    "status",
                    "title",
                    "detail",
                    "instance",
                    "traceId",
                  ],
                  "type": "object",
                },
              },
            },
            "description": "Default Response",
          },
          "403": {
            "content": {
              "application/json": {
                "schema": {
                  "properties": {
                    "detail": {
                      "type": "string",
                    },
                    "instance": {
                      "type": "string",
                    },
                    "retryable": {
                      "type": "boolean",
                    },
                    "status": {
                      "enum": [
                        403,
                      ],
                      "type": "number",
                    },
                    "title": {
                      "type": "string",
                    },
                    "traceId": {
                      "type": "string",
                    },
                    "type": {
                      "enum": [
                        "FORBIDDEN",
                      ],
                      "type": "string",
                    },
                  },
                  "required": [
                    "type",
                    "status",
                    "title",
                    "detail",
                    "instance",
                    "traceId",
                  ],
                  "type": "object",
                },
              },
            },
            "description": "Default Response",
          },
          "429": {
            "content": {
              "application/json": {
                "schema": {
                  "properties": {
                    "detail": {
                      "type": "string",
                    },
                    "instance": {
                      "type": "string",
                    },
                    "retryable": {
                      "type": "boolean",
                    },
                    "status": {
                      "enum": [
                        429,
                      ],
                      "type": "number",
                    },
                    "title": {
                      "type": "string",
                    },
                    "traceId": {
                      "type": "string",
                    },
                    "type": {
                      "enum": [
                        "TOO_MANY_REQUESTS",
                      ],
                      "type": "string",
                    },
                  },
                  "required": [
                    "type",
                    "status",
                    "title",
                    "detail",
                    "instance",
                    "traceId",
                  ],
                  "type": "object",
                },
              },
            },
            "description": "Default Response",
          },
          "500": {
            "content": {
              "application/json": {
                "schema": {
                  "properties": {
                    "detail": {
                      "type": "string",
                    },
                    "instance": {
                      "type": "string",
                    },
                    "retryable": {
                      "type": "boolean",
                    },
                    "status": {
                      "enum": [
                        500,
                      ],
                      "type": "number",
                    },
                    "title": {
                      "type": "string",
                    },
                    "traceId": {
                      "type": "string",
                    },
                    "type": {
                      "enum": [
                        "INTERNAL_SERVER_ERROR",
                      ],
                      "type": "string",
                    },
                  },
                  "required": [
                    "type",
                    "status",
                    "title",
                    "detail",
                    "instance",
                    "traceId",
                  ],
                  "type": "object",
                },
              },
            },
            "description": "Default Response",
          },
          "503": {
            "content": {
              "application/json": {
                "schema": {
                  "properties": {
                    "detail": {
                      "type": "string",
                    },
                    "instance": {
                      "type": "string",
                    },
                    "retryable": {
                      "type": "boolean",
                    },
                    "status": {
                      "enum": [
                        503,
                      ],
                      "type": "number",
                    },
                    "title": {
                      "type": "string",
                    },
                    "traceId": {
                      "type": "string",
                    },
                    "type": {
                      "enum": [
                        "SERVICE_UNAVAILABLE",
                      ],
                      "type": "string",
                    },
                  },
                  "required": [
                    "type",
                    "status",
                    "title",
                    "detail",
                    "instance",
                    "traceId",
                  ],
                  "type": "object",
                },
              },
            },
            "description": "Default Response",
          },
        },
        "summary": "List Ledger Account Balance Monitors",
        "tags": [
          "Ledger Account Balance Monitors",
        ],
      },
      "post": {
        "description": "Create Ledger Account Balance Monitor",
        "operationId": "createLedgerAccountBalanceMonitor",
        "parameters": [
          {
            "in": "path",
            "name": "ledgerId",
            "required": true,
            "schema": {
              "pattern": "^lgr_[0-7][0-9a-hjkmnp-tv-z]{25}$",
              "type": "string",
            },
          },
          {
            "in": "path",
            "name": "accountId",
            "required": true,
            "schema": {
              "pattern": "^lat_[0-7][0-9a-hjkmnp-tv-z]{25}$",
              "type": "string",
            },
          },
        ],
        "requestBody": {
          "content": {
            "application/json": {
              "schema": {
                "additionalProperties": false,
                "properties": {
                  "alertCondition": {
                    "additionalProperties": false,
                    "properties": {
                      "conditions": {
                        "items": {
                          "additionalProperties": false,
                          "properties": {
                            "balanceType": {
                              "anyOf": [
                                {
                                  "enum": [
                                    "posted",
                                  ],
                                  "type": "string",
                                },
                                {
                                  "enum": [
                                    "pending",
                                  ],
                                  "type": "string",
                                },
                                {
                                  "enum": [
                                    "availableBalance",
                                  ],
                                  "type": "string",
                                },
                              ],
                            },
                            "operator": {
                              "anyOf": [
                                {
                                  "enum": [
                                    "=",
                                  ],
                                  "type": "string",
                                },
                                {
                                  "enum": [
                                    "!=",
                                  ],
                                  "type": "string",
                                },
                                {
                                  "enum": [
                                    "<",
                                  ],
                                  "type": "string",
                                },
                                {
                                  "enum": [
                                    "<=",
                                  ],
                                  "type": "string",
                                },
                                {
                                  "enum": [
                                    ">",
                                  ],
                                  "type": "string",
                                },
                                {
                                  "enum": [
                                    ">=",
                                  ],
                                  "type": "string",
                                },
                              ],
                            },
                            "value": {
                              "description": "Signed 64-bit integer minor units, encoded as a decimal string.",
                              "maxLength": 20,
                              "pattern": "^(0|-?[1-9][0-9]*)$",
                              "type": "string",
                            },
                          },
                          "required": [
                            "balanceType",
                            "operator",
                            "value",
                          ],
                          "type": "object",
                        },
                        "minItems": 1,
                        "type": "array",
                      },
                      "mode": {
                        "anyOf": [
                          {
                            "enum": [
                              "all",
                            ],
                            "type": "string",
                          },
                          {
                            "enum": [
                              "any",
                            ],
                            "type": "string",
                          },
                        ],
                      },
                    },
                    "required": [
                      "mode",
                      "conditions",
                    ],
                    "type": "object",
                  },
                  "description": {
                    "type": "string",
                  },
                  "metadata": {
                    "additionalProperties": {
                      "type": "string",
                    },
                    "description": "Additional data represented as key-value pairs. Both the key and value must be strings.",
                    "type": "object",
                  },
                  "webhook": {
                    "additionalProperties": false,
                    "properties": {
                      "bearerToken": {
                        "minLength": 1,
                        "type": "string",
                        "writeOnly": true,
                      },
                      "url": {
                        "format": "uri",
                        "type": "string",
                      },
                    },
                    "required": [
                      "url",
                      "bearerToken",
                    ],
                    "type": "object",
                  },
                },
                "required": [
                  "alertCondition",
                  "webhook",
                ],
                "type": "object",
              },
            },
          },
          "required": true,
        },
        "responses": {
          "200": {
            "content": {
              "application/json": {
                "schema": {
                  "properties": {
                    "accountId": {
                      "pattern": "^lat_[0-7][0-9a-hjkmnp-tv-z]{25}$",
                      "type": "string",
                    },
                    "alertCondition": {
                      "additionalProperties": false,
                      "properties": {
                        "conditions": {
                          "items": {
                            "additionalProperties": false,
                            "properties": {
                              "balanceType": {
                                "anyOf": [
                                  {
                                    "enum": [
                                      "posted",
                                    ],
                                    "type": "string",
                                  },
                                  {
                                    "enum": [
                                      "pending",
                                    ],
                                    "type": "string",
                                  },
                                  {
                                    "enum": [
                                      "availableBalance",
                                    ],
                                    "type": "string",
                                  },
                                ],
                              },
                              "operator": {
                                "anyOf": [
                                  {
                                    "enum": [
                                      "=",
                                    ],
                                    "type": "string",
                                  },
                                  {
                                    "enum": [
                                      "!=",
                                    ],
                                    "type": "string",
                                  },
                                  {
                                    "enum": [
                                      "<",
                                    ],
                                    "type": "string",
                                  },
                                  {
                                    "enum": [
                                      "<=",
                                    ],
                                    "type": "string",
                                  },
                                  {
                                    "enum": [
                                      ">",
                                    ],
                                    "type": "string",
                                  },
                                  {
                                    "enum": [
                                      ">=",
                                    ],
                                    "type": "string",
                                  },
                                ],
                              },
                              "value": {
                                "description": "Signed 64-bit integer minor units, encoded as a decimal string.",
                                "maxLength": 20,
                                "pattern": "^(0|-?[1-9][0-9]*)$",
                                "type": "string",
                              },
                            },
                            "required": [
                              "balanceType",
                              "operator",
                              "value",
                            ],
                            "type": "object",
                          },
                          "minItems": 1,
                          "type": "array",
                        },
                        "mode": {
                          "anyOf": [
                            {
                              "enum": [
                                "all",
                              ],
                              "type": "string",
                            },
                            {
                              "enum": [
                                "any",
                              ],
                              "type": "string",
                            },
                          ],
                        },
                      },
                      "required": [
                        "mode",
                        "conditions",
                      ],
                      "type": "object",
                    },
                    "created": {
                      "format": "date-time",
                      "type": "string",
                    },
                    "description": {
                      "type": "string",
                    },
                    "id": {
                      "pattern": "^lbm_[0-7][0-9a-hjkmnp-tv-z]{25}$",
                      "type": "string",
                    },
                    "ledgerId": {
                      "pattern": "^lgr_[0-7][0-9a-hjkmnp-tv-z]{25}$",
                      "type": "string",
                    },
                    "lockVersion": {
                      "minimum": 1,
                      "type": "integer",
                    },
                    "metadata": {
                      "additionalProperties": {
                        "type": "string",
                      },
                      "description": "Additional data represented as key-value pairs. Both the key and value must be strings.",
                      "type": "object",
                    },
                    "updated": {
                      "format": "date-time",
                      "type": "string",
                    },
                    "webhook": {
                      "properties": {
                        "url": {
                          "type": "string",
                        },
                      },
                      "required": [
                        "url",
                      ],
                      "type": "object",
                    },
                  },
                  "required": [
                    "id",
                    "accountId",
                    "ledgerId",
                    "alertCondition",
                    "webhook",
                    "lockVersion",
                    "created",
                    "updated",
                  ],
                  "type": "object",
                },
              },
            },
            "description": "Default Response",
          },
          "400": {
            "content": {
              "application/json": {
                "schema": {
                  "properties": {
                    "detail": {
                      "type": "string",
                    },
                    "instance": {
                      "type": "string",
                    },
                    "retryable": {
                      "type": "boolean",
                    },
                    "status": {
                      "enum": [
                        400,
                      ],
                      "type": "number",
                    },
                    "title": {
                      "type": "string",
                    },
                    "traceId": {
                      "type": "string",
                    },
                    "type": {
                      "enum": [
                        "BAD_REQUEST",
                      ],
                      "type": "string",
                    },
                  },
                  "required": [
                    "type",
                    "status",
                    "title",
                    "detail",
                    "instance",
                    "traceId",
                  ],
                  "type": "object",
                },
              },
            },
            "description": "Default Response",
          },
          "401": {
            "content": {
              "application/json": {
                "schema": {
                  "properties": {
                    "detail": {
                      "type": "string",
                    },
                    "instance": {
                      "type": "string",
                    },
                    "retryable": {
                      "type": "boolean",
                    },
                    "status": {
                      "enum": [
                        401,
                      ],
                      "type": "number",
                    },
                    "title": {
                      "type": "string",
                    },
                    "traceId": {
                      "type": "string",
                    },
                    "type": {
                      "enum": [
                        "UNAUTHORIZED",
                      ],
                      "type": "string",
                    },
                  },
                  "required": [
                    "type",
                    "status",
                    "title",
                    "detail",
                    "instance",
                    "traceId",
                  ],
                  "type": "object",
                },
              },
            },
            "description": "Default Response",
          },
          "403": {
            "content": {
              "application/json": {
                "schema": {
                  "properties": {
                    "detail": {
                      "type": "string",
                    },
                    "instance": {
                      "type": "string",
                    },
                    "retryable": {
                      "type": "boolean",
                    },
                    "status": {
                      "enum": [
                        403,
                      ],
                      "type": "number",
                    },
                    "title": {
                      "type": "string",
                    },
                    "traceId": {
                      "type": "string",
                    },
                    "type": {
                      "enum": [
                        "FORBIDDEN",
                      ],
                      "type": "string",
                    },
                  },
                  "required": [
                    "type",
                    "status",
                    "title",
                    "detail",
                    "instance",
                    "traceId",
                  ],
                  "type": "object",
                },
              },
            },
            "description": "Default Response",
          },
          "404": {
            "content": {
              "application/json": {
                "schema": {
                  "properties": {
                    "detail": {
                      "type": "string",
                    },
                    "instance": {
                      "type": "string",
                    },
                    "retryable": {
                      "type": "boolean",
                    },
                    "status": {
                      "enum": [
                        404,
                      ],
                      "type": "number",
                    },
                    "title": {
                      "type": "string",
                    },
                    "traceId": {
                      "type": "string",
                    },
                    "type": {
                      "enum": [
                        "NOT_FOUND",
                      ],
                      "type": "string",
                    },
                  },
                  "required": [
                    "type",
                    "status",
                    "title",
                    "detail",
                    "instance",
                    "traceId",
                  ],
                  "type": "object",
                },
              },
            },
            "description": "Default Response",
          },
          "409": {
            "content": {
              "application/json": {
                "schema": {
                  "properties": {
                    "detail": {
                      "type": "string",
                    },
                    "instance": {
                      "type": "string",
                    },
                    "retryable": {
                      "type": "boolean",
                    },
                    "status": {
                      "enum": [
                        409,
                      ],
                      "type": "number",
                    },
                    "title": {
                      "type": "string",
                    },
                    "traceId": {
                      "type": "string",
                    },
                    "type": {
                      "enum": [
                        "CONFLICT",
                      ],
                      "type": "string",
                    },
                  },
                  "required": [
                    "type",
                    "status",
                    "title",
                    "detail",
                    "instance",
                    "traceId",
                  ],
                  "type": "object",
                },
              },
            },
            "description": "Default Response",
          },
          "429": {
            "content": {
              "application/json": {
                "schema": {
                  "properties": {
                    "detail": {
                      "type": "string",
                    },
                    "instance": {
                      "type": "string",
                    },
                    "retryable": {
                      "type": "boolean",
                    },
                    "status": {
                      "enum": [
                        429,
                      ],
                      "type": "number",
                    },
                    "title": {
                      "type": "string",
                    },
                    "traceId": {
                      "type": "string",
                    },
                    "type": {
                      "enum": [
                        "TOO_MANY_REQUESTS",
                      ],
                      "type": "string",
                    },
                  },
                  "required": [
                    "type",
                    "status",
                    "title",
                    "detail",
                    "instance",
                    "traceId",
                  ],
                  "type": "object",
                },
              },
            },
            "description": "Default Response",
          },
          "500": {
            "content": {
              "application/json": {
                "schema": {
                  "properties": {
                    "detail": {
                      "type": "string",
                    },
                    "instance": {
                      "type": "string",
                    },
                    "retryable": {
                      "type": "boolean",
                    },
                    "status": {
                      "enum": [
                        500,
                      ],
                      "type": "number",
                    },
                    "title": {
                      "type": "string",
                    },
                    "traceId": {
                      "type": "string",
                    },
                    "type": {
                      "enum": [
                        "INTERNAL_SERVER_ERROR",
                      ],
                      "type": "string",
                    },
                  },
                  "required": [
                    "type",
                    "status",
                    "title",
                    "detail",
                    "instance",
                    "traceId",
                  ],
                  "type": "object",
                },
              },
            },
            "description": "Default Response",
          },
          "503": {
            "content": {
              "application/json": {
                "schema": {
                  "properties": {
                    "detail": {
                      "type": "string",
                    },
                    "instance": {
                      "type": "string",
                    },
                    "retryable": {
                      "type": "boolean",
                    },
                    "status": {
                      "enum": [
                        503,
                      ],
                      "type": "number",
                    },
                    "title": {
                      "type": "string",
                    },
                    "traceId": {
                      "type": "string",
                    },
                    "type": {
                      "enum": [
                        "SERVICE_UNAVAILABLE",
                      ],
                      "type": "string",
                    },
                  },
                  "required": [
                    "type",
                    "status",
                    "title",
                    "detail",
                    "instance",
                    "traceId",
                  ],
                  "type": "object",
                },
              },
            },
            "description": "Default Response",
          },
        },
        "summary": "Create Ledger Account Balance Monitor",
        "tags": [
          "Ledger Account Balance Monitors",
        ],
      },
    },
    "/api/ledgers/{ledgerId}/accounts/{accountId}/balance-monitors/{balanceMonitorId}": {
      "delete": {
        "description": "Delete Ledger Account Balance Monitor",
        "operationId": "deleteLedgerAccountBalanceMonitor",
        "parameters": [
          {
            "in": "path",
            "name": "ledgerId",
            "required": true,
            "schema": {
              "pattern": "^lgr_[0-7][0-9a-hjkmnp-tv-z]{25}$",
              "type": "string",
            },
          },
          {
            "in": "path",
            "name": "accountId",
            "required": true,
            "schema": {
              "pattern": "^lat_[0-7][0-9a-hjkmnp-tv-z]{25}$",
              "type": "string",
            },
          },
          {
            "in": "path",
            "name": "balanceMonitorId",
            "required": true,
            "schema": {
              "pattern": "^lbm_[0-7][0-9a-hjkmnp-tv-z]{25}$",
              "type": "string",
            },
          },
        ],
        "responses": {
          "200": {
            "content": {
              "application/json": {
                "schema": {},
              },
            },
            "description": "Default Response",
          },
          "400": {
            "content": {
              "application/json": {
                "schema": {
                  "properties": {
                    "detail": {
                      "type": "string",
                    },
                    "instance": {
                      "type": "string",
                    },
                    "retryable": {
                      "type": "boolean",
                    },
                    "status": {
                      "enum": [
                        400,
                      ],
                      "type": "number",
                    },
                    "title": {
                      "type": "string",
                    },
                    "traceId": {
                      "type": "string",
                    },
                    "type": {
                      "enum": [
                        "BAD_REQUEST",
                      ],
                      "type": "string",
                    },
                  },
                  "required": [
                    "type",
                    "status",
                    "title",
                    "detail",
                    "instance",
                    "traceId",
                  ],
                  "type": "object",
                },
              },
            },
            "description": "Default Response",
          },
          "401": {
            "content": {
              "application/json": {
                "schema": {
                  "properties": {
                    "detail": {
                      "type": "string",
                    },
                    "instance": {
                      "type": "string",
                    },
                    "retryable": {
                      "type": "boolean",
                    },
                    "status": {
                      "enum": [
                        401,
                      ],
                      "type": "number",
                    },
                    "title": {
                      "type": "string",
                    },
                    "traceId": {
                      "type": "string",
                    },
                    "type": {
                      "enum": [
                        "UNAUTHORIZED",
                      ],
                      "type": "string",
                    },
                  },
                  "required": [
                    "type",
                    "status",
                    "title",
                    "detail",
                    "instance",
                    "traceId",
                  ],
                  "type": "object",
                },
              },
            },
            "description": "Default Response",
          },
          "403": {
            "content": {
              "application/json": {
                "schema": {
                  "properties": {
                    "detail": {
                      "type": "string",
                    },
                    "instance": {
                      "type": "string",
                    },
                    "retryable": {
                      "type": "boolean",
                    },
                    "status": {
                      "enum": [
                        403,
                      ],
                      "type": "number",
                    },
                    "title": {
                      "type": "string",
                    },
                    "traceId": {
                      "type": "string",
                    },
                    "type": {
                      "enum": [
                        "FORBIDDEN",
                      ],
                      "type": "string",
                    },
                  },
                  "required": [
                    "type",
                    "status",
                    "title",
                    "detail",
                    "instance",
                    "traceId",
                  ],
                  "type": "object",
                },
              },
            },
            "description": "Default Response",
          },
          "404": {
            "content": {
              "application/json": {
                "schema": {
                  "properties": {
                    "detail": {
                      "type": "string",
                    },
                    "instance": {
                      "type": "string",
                    },
                    "retryable": {
                      "type": "boolean",
                    },
                    "status": {
                      "enum": [
                        404,
                      ],
                      "type": "number",
                    },
                    "title": {
                      "type": "string",
                    },
                    "traceId": {
                      "type": "string",
                    },
                    "type": {
                      "enum": [
                        "NOT_FOUND",
                      ],
                      "type": "string",
                    },
                  },
                  "required": [
                    "type",
                    "status",
                    "title",
                    "detail",
                    "instance",
                    "traceId",
                  ],
                  "type": "object",
                },
              },
            },
            "description": "Default Response",
          },
          "409": {
            "content": {
              "application/json": {
                "schema": {
                  "properties": {
                    "detail": {
                      "type": "string",
                    },
                    "instance": {
                      "type": "string",
                    },
                    "retryable": {
                      "type": "boolean",
                    },
                    "status": {
                      "enum": [
                        409,
                      ],
                      "type": "number",
                    },
                    "title": {
                      "type": "string",
                    },
                    "traceId": {
                      "type": "string",
                    },
                    "type": {
                      "enum": [
                        "CONFLICT",
                      ],
                      "type": "string",
                    },
                  },
                  "required": [
                    "type",
                    "status",
                    "title",
                    "detail",
                    "instance",
                    "traceId",
                  ],
                  "type": "object",
                },
              },
            },
            "description": "Default Response",
          },
          "429": {
            "content": {
              "application/json": {
                "schema": {
                  "properties": {
                    "detail": {
                      "type": "string",
                    },
                    "instance": {
                      "type": "string",
                    },
                    "retryable": {
                      "type": "boolean",
                    },
                    "status": {
                      "enum": [
                        429,
                      ],
                      "type": "number",
                    },
                    "title": {
                      "type": "string",
                    },
                    "traceId": {
                      "type": "string",
                    },
                    "type": {
                      "enum": [
                        "TOO_MANY_REQUESTS",
                      ],
                      "type": "string",
                    },
                  },
                  "required": [
                    "type",
                    "status",
                    "title",
                    "detail",
                    "instance",
                    "traceId",
                  ],
                  "type": "object",
                },
              },
            },
            "description": "Default Response",
          },
          "500": {
            "content": {
              "application/json": {
                "schema": {
                  "properties": {
                    "detail": {
                      "type": "string",
                    },
                    "instance": {
                      "type": "string",
                    },
                    "retryable": {
                      "type": "boolean",
                    },
                    "status": {
                      "enum": [
                        500,
                      ],
                      "type": "number",
                    },
                    "title": {
                      "type": "string",
                    },
                    "traceId": {
                      "type": "string",
                    },
                    "type": {
                      "enum": [
                        "INTERNAL_SERVER_ERROR",
                      ],
                      "type": "string",
                    },
                  },
                  "required": [
                    "type",
                    "status",
                    "title",
                    "detail",
                    "instance",
                    "traceId",
                  ],
                  "type": "object",
                },
              },
            },
            "description": "Default Response",
          },
          "503": {
            "content": {
              "application/json": {
                "schema": {
                  "properties": {
                    "detail": {
                      "type": "string",
                    },
                    "instance": {
                      "type": "string",
                    },
                    "retryable": {
                      "type": "boolean",
                    },
                    "status": {
                      "enum": [
                        503,
                      ],
                      "type": "number",
                    },
                    "title": {
                      "type": "string",
                    },
                    "traceId": {
                      "type": "string",
                    },
                    "type": {
                      "enum": [
                        "SERVICE_UNAVAILABLE",
                      ],
                      "type": "string",
                    },
                  },
                  "required": [
                    "type",
                    "status",
                    "title",
                    "detail",
                    "instance",
                    "traceId",
                  ],
                  "type": "object",
                },
              },
            },
            "description": "Default Response",
          },
        },
        "summary": "Delete Ledger Account Balance Monitor",
        "tags": [
          "Ledger Account Balance Monitors",
        ],
      },
      "get": {
        "description": "Get Ledger Account Balance Monitor",
        "operationId": "getLedgerAccountBalanceMonitor",
        "parameters": [
          {
            "in": "path",
            "name": "ledgerId",
            "required": true,
            "schema": {
              "pattern": "^lgr_[0-7][0-9a-hjkmnp-tv-z]{25}$",
              "type": "string",
            },
          },
          {
            "in": "path",
            "name": "accountId",
            "required": true,
            "schema": {
              "pattern": "^lat_[0-7][0-9a-hjkmnp-tv-z]{25}$",
              "type": "string",
            },
          },
          {
            "in": "path",
            "name": "balanceMonitorId",
            "required": true,
            "schema": {
              "pattern": "^lbm_[0-7][0-9a-hjkmnp-tv-z]{25}$",
              "type": "string",
            },
          },
        ],
        "responses": {
          "200": {
            "content": {
              "application/json": {
                "schema": {
                  "properties": {
                    "accountId": {
                      "pattern": "^lat_[0-7][0-9a-hjkmnp-tv-z]{25}$",
                      "type": "string",
                    },
                    "alertCondition": {
                      "additionalProperties": false,
                      "properties": {
                        "conditions": {
                          "items": {
                            "additionalProperties": false,
                            "properties": {
                              "balanceType": {
                                "anyOf": [
                                  {
                                    "enum": [
                                      "posted",
                                    ],
                                    "type": "string",
                                  },
                                  {
                                    "enum": [
                                      "pending",
                                    ],
                                    "type": "string",
                                  },
                                  {
                                    "enum": [
                                      "availableBalance",
                                    ],
                                    "type": "string",
                                  },
                                ],
                              },
                              "operator": {
                                "anyOf": [
                                  {
                                    "enum": [
                                      "=",
                                    ],
                                    "type": "string",
                                  },
                                  {
                                    "enum": [
                                      "!=",
                                    ],
                                    "type": "string",
                                  },
                                  {
                                    "enum": [
                                      "<",
                                    ],
                                    "type": "string",
                                  },
                                  {
                                    "enum": [
                                      "<=",
                                    ],
                                    "type": "string",
                                  },
                                  {
                                    "enum": [
                                      ">",
                                    ],
                                    "type": "string",
                                  },
                                  {
                                    "enum": [
                                      ">=",
                                    ],
                                    "type": "string",
                                  },
                                ],
                              },
                              "value": {
                                "description": "Signed 64-bit integer minor units, encoded as a decimal string.",
                                "maxLength": 20,
                                "pattern": "^(0|-?[1-9][0-9]*)$",
                                "type": "string",
                              },
                            },
                            "required": [
                              "balanceType",
                              "operator",
                              "value",
                            ],
                            "type": "object",
                          },
                          "minItems": 1,
                          "type": "array",
                        },
                        "mode": {
                          "anyOf": [
                            {
                              "enum": [
                                "all",
                              ],
                              "type": "string",
                            },
                            {
                              "enum": [
                                "any",
                              ],
                              "type": "string",
                            },
                          ],
                        },
                      },
                      "required": [
                        "mode",
                        "conditions",
                      ],
                      "type": "object",
                    },
                    "created": {
                      "format": "date-time",
                      "type": "string",
                    },
                    "description": {
                      "type": "string",
                    },
                    "id": {
                      "pattern": "^lbm_[0-7][0-9a-hjkmnp-tv-z]{25}$",
                      "type": "string",
                    },
                    "ledgerId": {
                      "pattern": "^lgr_[0-7][0-9a-hjkmnp-tv-z]{25}$",
                      "type": "string",
                    },
                    "lockVersion": {
                      "minimum": 1,
                      "type": "integer",
                    },
                    "metadata": {
                      "additionalProperties": {
                        "type": "string",
                      },
                      "description": "Additional data represented as key-value pairs. Both the key and value must be strings.",
                      "type": "object",
                    },
                    "updated": {
                      "format": "date-time",
                      "type": "string",
                    },
                    "webhook": {
                      "properties": {
                        "url": {
                          "type": "string",
                        },
                      },
                      "required": [
                        "url",
                      ],
                      "type": "object",
                    },
                  },
                  "required": [
                    "id",
                    "accountId",
                    "ledgerId",
                    "alertCondition",
                    "webhook",
                    "lockVersion",
                    "created",
                    "updated",
                  ],
                  "type": "object",
                },
              },
            },
            "description": "Default Response",
          },
          "400": {
            "content": {
              "application/json": {
                "schema": {
                  "properties": {
                    "detail": {
                      "type": "string",
                    },
                    "instance": {
                      "type": "string",
                    },
                    "retryable": {
                      "type": "boolean",
                    },
                    "status": {
                      "enum": [
                        400,
                      ],
                      "type": "number",
                    },
                    "title": {
                      "type": "string",
                    },
                    "traceId": {
                      "type": "string",
                    },
                    "type": {
                      "enum": [
                        "BAD_REQUEST",
                      ],
                      "type": "string",
                    },
                  },
                  "required": [
                    "type",
                    "status",
                    "title",
                    "detail",
                    "instance",
                    "traceId",
                  ],
                  "type": "object",
                },
              },
            },
            "description": "Default Response",
          },
          "401": {
            "content": {
              "application/json": {
                "schema": {
                  "properties": {
                    "detail": {
                      "type": "string",
                    },
                    "instance": {
                      "type": "string",
                    },
                    "retryable": {
                      "type": "boolean",
                    },
                    "status": {
                      "enum": [
                        401,
                      ],
                      "type": "number",
                    },
                    "title": {
                      "type": "string",
                    },
                    "traceId": {
                      "type": "string",
                    },
                    "type": {
                      "enum": [
                        "UNAUTHORIZED",
                      ],
                      "type": "string",
                    },
                  },
                  "required": [
                    "type",
                    "status",
                    "title",
                    "detail",
                    "instance",
                    "traceId",
                  ],
                  "type": "object",
                },
              },
            },
            "description": "Default Response",
          },
          "403": {
            "content": {
              "application/json": {
                "schema": {
                  "properties": {
                    "detail": {
                      "type": "string",
                    },
                    "instance": {
                      "type": "string",
                    },
                    "retryable": {
                      "type": "boolean",
                    },
                    "status": {
                      "enum": [
                        403,
                      ],
                      "type": "number",
                    },
                    "title": {
                      "type": "string",
                    },
                    "traceId": {
                      "type": "string",
                    },
                    "type": {
                      "enum": [
                        "FORBIDDEN",
                      ],
                      "type": "string",
                    },
                  },
                  "required": [
                    "type",
                    "status",
                    "title",
                    "detail",
                    "instance",
                    "traceId",
                  ],
                  "type": "object",
                },
              },
            },
            "description": "Default Response",
          },
          "404": {
            "content": {
              "application/json": {
                "schema": {
                  "properties": {
                    "detail": {
                      "type": "string",
                    },
                    "instance": {
                      "type": "string",
                    },
                    "retryable": {
                      "type": "boolean",
                    },
                    "status": {
                      "enum": [
                        404,
                      ],
                      "type": "number",
                    },
                    "title": {
                      "type": "string",
                    },
                    "traceId": {
                      "type": "string",
                    },
                    "type": {
                      "enum": [
                        "NOT_FOUND",
                      ],
                      "type": "string",
                    },
                  },
                  "required": [
                    "type",
                    "status",
                    "title",
                    "detail",
                    "instance",
                    "traceId",
                  ],
                  "type": "object",
                },
              },
            },
            "description": "Default Response",
          },
          "429": {
            "content": {
              "application/json": {
                "schema": {
                  "properties": {
                    "detail": {
                      "type": "string",
                    },
                    "instance": {
                      "type": "string",
                    },
                    "retryable": {
                      "type": "boolean",
                    },
                    "status": {
                      "enum": [
                        429,
                      ],
                      "type": "number",
                    },
                    "title": {
                      "type": "string",
                    },
                    "traceId": {
                      "type": "string",
                    },
                    "type": {
                      "enum": [
                        "TOO_MANY_REQUESTS",
                      ],
                      "type": "string",
                    },
                  },
                  "required": [
                    "type",
                    "status",
                    "title",
                    "detail",
                    "instance",
                    "traceId",
                  ],
                  "type": "object",
                },
              },
            },
            "description": "Default Response",
          },
          "500": {
            "content": {
              "application/json": {
                "schema": {
                  "properties": {
                    "detail": {
                      "type": "string",
                    },
                    "instance": {
                      "type": "string",
                    },
                    "retryable": {
                      "type": "boolean",
                    },
                    "status": {
                      "enum": [
                        500,
                      ],
                      "type": "number",
                    },
                    "title": {
                      "type": "string",
                    },
                    "traceId": {
                      "type": "string",
                    },
                    "type": {
                      "enum": [
                        "INTERNAL_SERVER_ERROR",
                      ],
                      "type": "string",
                    },
                  },
                  "required": [
                    "type",
                    "status",
                    "title",
                    "detail",
                    "instance",
                    "traceId",
                  ],
                  "type": "object",
                },
              },
            },
            "description": "Default Response",
          },
          "503": {
            "content": {
              "application/json": {
                "schema": {
                  "properties": {
                    "detail": {
                      "type": "string",
                    },
                    "instance": {
                      "type": "string",
                    },
                    "retryable": {
                      "type": "boolean",
                    },
                    "status": {
                      "enum": [
                        503,
                      ],
                      "type": "number",
                    },
                    "title": {
                      "type": "string",
                    },
                    "traceId": {
                      "type": "string",
                    },
                    "type": {
                      "enum": [
                        "SERVICE_UNAVAILABLE",
                      ],
                      "type": "string",
                    },
                  },
                  "required": [
                    "type",
                    "status",
                    "title",
                    "detail",
                    "instance",
                    "traceId",
                  ],
                  "type": "object",
                },
              },
            },
            "description": "Default Response",
          },
        },
        "summary": "Get Ledger Account Balance Monitor",
        "tags": [
          "Ledger Account Balance Monitors",
        ],
      },
      "put": {
        "description": "Update Ledger Account Balance Monitor",
        "operationId": "updateLedgerAccountBalanceMonitor",
        "parameters": [
          {
            "in": "path",
            "name": "ledgerId",
            "required": true,
            "schema": {
              "pattern": "^lgr_[0-7][0-9a-hjkmnp-tv-z]{25}$",
              "type": "string",
            },
          },
          {
            "in": "path",
            "name": "accountId",
            "required": true,
            "schema": {
              "pattern": "^lat_[0-7][0-9a-hjkmnp-tv-z]{25}$",
              "type": "string",
            },
          },
          {
            "in": "path",
            "name": "balanceMonitorId",
            "required": true,
            "schema": {
              "pattern": "^lbm_[0-7][0-9a-hjkmnp-tv-z]{25}$",
              "type": "string",
            },
          },
        ],
        "requestBody": {
          "content": {
            "application/json": {
              "schema": {
                "additionalProperties": false,
                "properties": {
                  "alertCondition": {
                    "additionalProperties": false,
                    "properties": {
                      "conditions": {
                        "items": {
                          "additionalProperties": false,
                          "properties": {
                            "balanceType": {
                              "anyOf": [
                                {
                                  "enum": [
                                    "posted",
                                  ],
                                  "type": "string",
                                },
                                {
                                  "enum": [
                                    "pending",
                                  ],
                                  "type": "string",
                                },
                                {
                                  "enum": [
                                    "availableBalance",
                                  ],
                                  "type": "string",
                                },
                              ],
                            },
                            "operator": {
                              "anyOf": [
                                {
                                  "enum": [
                                    "=",
                                  ],
                                  "type": "string",
                                },
                                {
                                  "enum": [
                                    "!=",
                                  ],
                                  "type": "string",
                                },
                                {
                                  "enum": [
                                    "<",
                                  ],
                                  "type": "string",
                                },
                                {
                                  "enum": [
                                    "<=",
                                  ],
                                  "type": "string",
                                },
                                {
                                  "enum": [
                                    ">",
                                  ],
                                  "type": "string",
                                },
                                {
                                  "enum": [
                                    ">=",
                                  ],
                                  "type": "string",
                                },
                              ],
                            },
                            "value": {
                              "description": "Signed 64-bit integer minor units, encoded as a decimal string.",
                              "maxLength": 20,
                              "pattern": "^(0|-?[1-9][0-9]*)$",
                              "type": "string",
                            },
                          },
                          "required": [
                            "balanceType",
                            "operator",
                            "value",
                          ],
                          "type": "object",
                        },
                        "minItems": 1,
                        "type": "array",
                      },
                      "mode": {
                        "anyOf": [
                          {
                            "enum": [
                              "all",
                            ],
                            "type": "string",
                          },
                          {
                            "enum": [
                              "any",
                            ],
                            "type": "string",
                          },
                        ],
                      },
                    },
                    "required": [
                      "mode",
                      "conditions",
                    ],
                    "type": "object",
                  },
                  "description": {
                    "type": "string",
                  },
                  "metadata": {
                    "additionalProperties": {
                      "type": "string",
                    },
                    "description": "Additional data represented as key-value pairs. Both the key and value must be strings.",
                    "type": "object",
                  },
                  "webhook": {
                    "additionalProperties": false,
                    "properties": {
                      "bearerToken": {
                        "minLength": 1,
                        "type": "string",
                        "writeOnly": true,
                      },
                      "url": {
                        "format": "uri",
                        "type": "string",
                      },
                    },
                    "required": [
                      "url",
                    ],
                    "type": "object",
                  },
                },
                "required": [
                  "alertCondition",
                  "webhook",
                ],
                "type": "object",
              },
            },
          },
          "required": true,
        },
        "responses": {
          "200": {
            "content": {
              "application/json": {
                "schema": {
                  "properties": {
                    "accountId": {
                      "pattern": "^lat_[0-7][0-9a-hjkmnp-tv-z]{25}$",
                      "type": "string",
                    },
                    "alertCondition": {
                      "additionalProperties": false,
                      "properties": {
                        "conditions": {
                          "items": {
                            "additionalProperties": false,
                            "properties": {
                              "balanceType": {
                                "anyOf": [
                                  {
                                    "enum": [
                                      "posted",
                                    ],
                                    "type": "string",
                                  },
                                  {
                                    "enum": [
                                      "pending",
                                    ],
                                    "type": "string",
                                  },
                                  {
                                    "enum": [
                                      "availableBalance",
                                    ],
                                    "type": "string",
                                  },
                                ],
                              },
                              "operator": {
                                "anyOf": [
                                  {
                                    "enum": [
                                      "=",
                                    ],
                                    "type": "string",
                                  },
                                  {
                                    "enum": [
                                      "!=",
                                    ],
                                    "type": "string",
                                  },
                                  {
                                    "enum": [
                                      "<",
                                    ],
                                    "type": "string",
                                  },
                                  {
                                    "enum": [
                                      "<=",
                                    ],
                                    "type": "string",
                                  },
                                  {
                                    "enum": [
                                      ">",
                                    ],
                                    "type": "string",
                                  },
                                  {
                                    "enum": [
                                      ">=",
                                    ],
                                    "type": "string",
                                  },
                                ],
                              },
                              "value": {
                                "description": "Signed 64-bit integer minor units, encoded as a decimal string.",
                                "maxLength": 20,
                                "pattern": "^(0|-?[1-9][0-9]*)$",
                                "type": "string",
                              },
                            },
                            "required": [
                              "balanceType",
                              "operator",
                              "value",
                            ],
                            "type": "object",
                          },
                          "minItems": 1,
                          "type": "array",
                        },
                        "mode": {
                          "anyOf": [
                            {
                              "enum": [
                                "all",
                              ],
                              "type": "string",
                            },
                            {
                              "enum": [
                                "any",
                              ],
                              "type": "string",
                            },
                          ],
                        },
                      },
                      "required": [
                        "mode",
                        "conditions",
                      ],
                      "type": "object",
                    },
                    "created": {
                      "format": "date-time",
                      "type": "string",
                    },
                    "description": {
                      "type": "string",
                    },
                    "id": {
                      "pattern": "^lbm_[0-7][0-9a-hjkmnp-tv-z]{25}$",
                      "type": "string",
                    },
                    "ledgerId": {
                      "pattern": "^lgr_[0-7][0-9a-hjkmnp-tv-z]{25}$",
                      "type": "string",
                    },
                    "lockVersion": {
                      "minimum": 1,
                      "type": "integer",
                    },
                    "metadata": {
                      "additionalProperties": {
                        "type": "string",
                      },
                      "description": "Additional data represented as key-value pairs. Both the key and value must be strings.",
                      "type": "object",
                    },
                    "updated": {
                      "format": "date-time",
                      "type": "string",
                    },
                    "webhook": {
                      "properties": {
                        "url": {
                          "type": "string",
                        },
                      },
                      "required": [
                        "url",
                      ],
                      "type": "object",
                    },
                  },
                  "required": [
                    "id",
                    "accountId",
                    "ledgerId",
                    "alertCondition",
                    "webhook",
                    "lockVersion",
                    "created",
                    "updated",
                  ],
                  "type": "object",
                },
              },
            },
            "description": "Default Response",
          },
          "400": {
            "content": {
              "application/json": {
                "schema": {
                  "properties": {
                    "detail": {
                      "type": "string",
                    },
                    "instance": {
                      "type": "string",
                    },
                    "retryable": {
                      "type": "boolean",
                    },
                    "status": {
                      "enum": [
                        400,
                      ],
                      "type": "number",
                    },
                    "title": {
                      "type": "string",
                    },
                    "traceId": {
                      "type": "string",
                    },
                    "type": {
                      "enum": [
                        "BAD_REQUEST",
                      ],
                      "type": "string",
                    },
                  },
                  "required": [
                    "type",
                    "status",
                    "title",
                    "detail",
                    "instance",
                    "traceId",
                  ],
                  "type": "object",
                },
              },
            },
            "description": "Default Response",
          },
          "401": {
            "content": {
              "application/json": {
                "schema": {
                  "properties": {
                    "detail": {
                      "type": "string",
                    },
                    "instance": {
                      "type": "string",
                    },
                    "retryable": {
                      "type": "boolean",
                    },
                    "status": {
                      "enum": [
                        401,
                      ],
                      "type": "number",
                    },
                    "title": {
                      "type": "string",
                    },
                    "traceId": {
                      "type": "string",
                    },
                    "type": {
                      "enum": [
                        "UNAUTHORIZED",
                      ],
                      "type": "string",
                    },
                  },
                  "required": [
                    "type",
                    "status",
                    "title",
                    "detail",
                    "instance",
                    "traceId",
                  ],
                  "type": "object",
                },
              },
            },
            "description": "Default Response",
          },
          "403": {
            "content": {
              "application/json": {
                "schema": {
                  "properties": {
                    "detail": {
                      "type": "string",
                    },
                    "instance": {
                      "type": "string",
                    },
                    "retryable": {
                      "type": "boolean",
                    },
                    "status": {
                      "enum": [
                        403,
                      ],
                      "type": "number",
                    },
                    "title": {
                      "type": "string",
                    },
                    "traceId": {
                      "type": "string",
                    },
                    "type": {
                      "enum": [
                        "FORBIDDEN",
                      ],
                      "type": "string",
                    },
                  },
                  "required": [
                    "type",
                    "status",
                    "title",
                    "detail",
                    "instance",
                    "traceId",
                  ],
                  "type": "object",
                },
              },
            },
            "description": "Default Response",
          },
          "404": {
            "content": {
              "application/json": {
                "schema": {
                  "properties": {
                    "detail": {
                      "type": "string",
                    },
                    "instance": {
                      "type": "string",
                    },
                    "retryable": {
                      "type": "boolean",
                    },
                    "status": {
                      "enum": [
                        404,
                      ],
                      "type": "number",
                    },
                    "title": {
                      "type": "string",
                    },
                    "traceId": {
                      "type": "string",
                    },
                    "type": {
                      "enum": [
                        "NOT_FOUND",
                      ],
                      "type": "string",
                    },
                  },
                  "required": [
                    "type",
                    "status",
                    "title",
                    "detail",
                    "instance",
                    "traceId",
                  ],
                  "type": "object",
                },
              },
            },
            "description": "Default Response",
          },
          "409": {
            "content": {
              "application/json": {
                "schema": {
                  "properties": {
                    "detail": {
                      "type": "string",
                    },
                    "instance": {
                      "type": "string",
                    },
                    "retryable": {
                      "type": "boolean",
                    },
                    "status": {
                      "enum": [
                        409,
                      ],
                      "type": "number",
                    },
                    "title": {
                      "type": "string",
                    },
                    "traceId": {
                      "type": "string",
                    },
                    "type": {
                      "enum": [
                        "CONFLICT",
                      ],
                      "type": "string",
                    },
                  },
                  "required": [
                    "type",
                    "status",
                    "title",
                    "detail",
                    "instance",
                    "traceId",
                  ],
                  "type": "object",
                },
              },
            },
            "description": "Default Response",
          },
          "429": {
            "content": {
              "application/json": {
                "schema": {
                  "properties": {
                    "detail": {
                      "type": "string",
                    },
                    "instance": {
                      "type": "string",
                    },
                    "retryable": {
                      "type": "boolean",
                    },
                    "status": {
                      "enum": [
                        429,
                      ],
                      "type": "number",
                    },
                    "title": {
                      "type": "string",
                    },
                    "traceId": {
                      "type": "string",
                    },
                    "type": {
                      "enum": [
                        "TOO_MANY_REQUESTS",
                      ],
                      "type": "string",
                    },
                  },
                  "required": [
                    "type",
                    "status",
                    "title",
                    "detail",
                    "instance",
                    "traceId",
                  ],
                  "type": "object",
                },
              },
            },
            "description": "Default Response",
          },
          "500": {
            "content": {
              "application/json": {
                "schema": {
                  "properties": {
                    "detail": {
                      "type": "string",
                    },
                    "instance": {
                      "type": "string",
                    },
                    "retryable": {
                      "type": "boolean",
                    },
                    "status": {
                      "enum": [
                        500,
                      ],
                      "type": "number",
                    },
                    "title": {
                      "type": "string",
                    },
                    "traceId": {
                      "type": "string",
                    },
                    "type": {
                      "enum": [
                        "INTERNAL_SERVER_ERROR",
                      ],
                      "type": "string",
                    },
                  },
                  "required": [
                    "type",
                    "status",
                    "title",
                    "detail",
                    "instance",
                    "traceId",
                  ],
                  "type": "object",
                },
              },
            },
            "description": "Default Response",
          },
          "503": {
            "content": {
              "application/json": {
                "schema": {
                  "properties": {
                    "detail": {
                      "type": "string",
                    },
                    "instance": {
                      "type": "string",
                    },
                    "retryable": {
                      "type": "boolean",
                    },
                    "status": {
                      "enum": [
                        503,
                      ],
                      "type": "number",
                    },
                    "title": {
                      "type": "string",
                    },
                    "traceId": {
                      "type": "string",
                    },
                    "type": {
                      "enum": [
                        "SERVICE_UNAVAILABLE",
                      ],
                      "type": "string",
                    },
                  },
                  "required": [
                    "type",
                    "status",
                    "title",
                    "detail",
                    "instance",
                    "traceId",
                  ],
                  "type": "object",
                },
              },
            },
            "description": "Default Response",
          },
        },
        "summary": "Update Ledger Account Balance Monitor",
        "tags": [
          "Ledger Account Balance Monitors",
        ],
      },
    },
  },
}
`;

exports[`LedgerAccountBalanceMonitorRoutes > updates with the existing response and service inputs 1`] = `
{
  "accountId": "lat_01h2x3y4z5a6b7c8d9e0f1g2h6",
  "alertCondition": {
    "conditions": [
      {
        "balanceType": "posted",
        "operator": "<",
        "value": "100",
      },
    ],
    "mode": "all",
  },
  "created": "2025-01-01T00:00:00.000Z",
  "description": "Test balance monitor",
  "id": "lbm_01h2x3y4z5a6b7c8d9e0f1g2h5",
  "ledgerId": "lgr_01h2x3y4z5a6b7c8d9e0f1g2h4",
  "lockVersion": 1,
  "updated": "2025-01-01T00:00:00.000Z",
  "webhook": {
    "url": "https://example.com/hook",
  },
}
`;
